******************************************************************************
                  TI ARM Linker PC v15.12.1                    
******************************************************************************
>> Linked Thu Jun 24 11:35:38 2021

OUTPUT FILE NAME:   <mqtt_client.out>
ENTRY POINT SYMBOL: "_c_int00"  address: 20018589


MEMORY CONFIGURATION

         name            origin    length      used     unused   attr    fill
----------------------  --------  ---------  --------  --------  ----  --------
  SRAM_CODE             20004000   00016fff  00015da1  0000125e  RW X
  SRAM_DATA             2001b000   00015000  0000e9d9  00006627  RW X


SEGMENT ALLOCATION MAP

run origin  load origin   length   init length attrs members
----------  ----------- ---------- ----------- ----- -------
20004000    20004000    00015da4   00015da4    r-x
  20004000    20004000    00000400   00000400    r-- .intvecs
  20004400    20004400    00014fd6   00014fd6    r-x .text
  200193d8    200193d8    0000088f   0000088f    r-- .const
  20019c68    20019c68    0000013c   0000013c    r-- .cinit
2001b000    2001b000    000099dc   00000000    rw-
  2001b000    2001b000    00008000   00000000    rw- .sysmem
  20023000    20023000    000017f5   00000000    rw- .bss
  200247f8    200247f8    000001e4   00000000    rw- .data
2002b000    2002b000    00005000   00000000    rw-
  2002b000    2002b000    00005000   00000000    rw- .stack


SECTION ALLOCATION MAP

 output                                  attributes/
section   page    origin      length       input sections
--------  ----  ----------  ----------   ----------------
.intvecs   0    20004000    00000400     
                  20004000    00000400     startup_ccs.obj (.intvecs)

.init_array 
*          0    20004000    00000000     UNINITIALIZED

.text      0    20004400    00014fd6     
                  20004400    00002c2c     cJSON.obj (.text)
                  2000702c    000026e0     mqtt.a : mqtt_client.obj (.text)
                  2000970c    000012e4     network_if.obj (.text)
                  2000a9f0    0000125c     free_rtos.a : tasks.obj (.text)
                  2000bc4c    000010fc     rtsv7M4_T_le_eabi.lib : _printfi.obj (.text)
                  2000cd48    00000d30     main.obj (.text)
                  2000da78    00000b24     free_rtos.a : queue.obj (.text)
                  2000e59c    00000ad8     mqtt.a : sl_mqtt_client.obj (.text)
                  2000f074    00000a18            : mqtt_common.obj (.text)
                  2000fa8c    00000906     rtsv7M4_T_le_eabi.lib : _scanfi.obj (.text)
                  20010392    00000002     driverlib.a : interrupt.obj (.text:IntDefaultHandler)
                  20010394    00000700     mqtt.a : cc32xx_sl_net.obj (.text)
                  20010a94    00000590     simplelink.a : driver.obj (.text:_SlDrvMsgRead)
                  20011024    0000045c     free_rtos.a : osi_freertos.obj (.text)
                  20011480    000003dc     rtsv7M4_T_le_eabi.lib : memory.obj (.text)
                  2001185c    00000394     gpio_if.obj (.text)
                  20011bf0    000002b0     simplelink.a : wlan.obj (.text:sl_WlanProfileAdd)
                  20011ea0    00000290     i2c_if.obj (.text)
                  20012130    00000290     uart_if.obj (.text)
                  200123c0    0000027c     simplelink.a : wlan.obj (.text:sl_WlanConnect)
                  2001263c    0000024c                  : driver.obj (.text:_SlDrvRxHdrRead)
                  20012888    00000238     rtsv7M4_T_le_eabi.lib : strtod.obj (.text)
                  20012ac0    000001f4                           : ull_div_t2.obj (.text)
                  20012cb4    000001e4                           : strtoll.obj (.text)
                  20012e98    000001e0     simplelink.a : driver.obj (.text:_SlDrvDataReadOp)
                  20013078    000001d0                  : driver.obj (.text:_SlDrvReleasePoolObj)
                  20013248    000001c0     timer_if.obj (.text)
                  20013408    000001bc     simplelink.a : socket.obj (.text:sl_Accept)
                  200135c4    000001b6     rtsv7M4_T_le_eabi.lib : fd_add_t2.obj (.text)
                  2001377a    00000002                           : mpu_init.obj (.text)
                  2001377c    0000019c     simplelink.a : driver.obj (.text:_SlDrvMsgWrite)
                  20013918    00000190                  : driver.obj (.text:_SlDrvDriverCBInit)
                  20013aa8    00000190                  : driver.obj (.text:_SlDrvWaitForPoolObj)
                  20013c38    0000018c                  : socket.obj (.text:sl_Connect)
                  20013dc4    00000178     driverlib.a : prcm.obj (.text:PRCMCC3200MCUInit)
                  20013f3c    00000178     simplelink.a : socket.obj (.text:sl_Select)
                  200140b4    00000170                  : driver.obj (.text:_SlFindAndSetActiveObj)
                  20014224    0000016c     rtsv7M4_T_le_eabi.lib : strtoull.obj (.text)
                  20014390    00000150     simplelink.a : cc_pal.obj (.text:spi_Open)
                  200144e0    0000014c                  : driver.obj (.text:_SlDrvDataWriteOp)
                  2001462c    00000144                  : netapp.obj (.text:sl_NetAppDnsGetHostByName)
                  20014770    00000144                  : socket.obj (.text:sl_SendTo)
                  200148b4    0000013c                  : driver.obj (.text:_SlDrvMsgReadCmdCtx)
                  200149f0    0000013c                  : socket.obj (.text:sl_RecvFrom)
                  20014b2c    00000136     rtsv7M4_T_le_eabi.lib : fd_div_t2.obj (.text)
                  20014c62    00000002                           : startup.obj (.text)
                  20014c64    00000134                           : strtol.obj (.text)
                  20014d98    00000134     simplelink.a : socket.obj (.text:sl_Send)
                  20014ecc    0000012a     free_rtos.a : list.obj (.text)
                  20014ff6    00000002     --HOLE-- [fill = 0]
                  20014ff8    00000124     simplelink.a : driver.obj (.text:_SlDrvDriverCBDeinit)
                  2001511c    00000114     rtsv7M4_T_le_eabi.lib : strtoul.obj (.text)
                  20015230    00000110     free_rtos.a : port.obj (.text)
                  20015340    00000104     simplelink.a : netapp.obj (.text:_SlDrvNetAppEventHandler)
                  20015444    000000fc     rtsv7M4_T_le_eabi.lib : fd_mul_t2.obj (.text)
                  20015540    000000f0     simplelink.a : device.obj (.text:sl_Stop)
                  20015630    000000f0     driverlib.a : udma.obj (.text:uDMAChannelTransferSet)
                  20015720    000000ec     simplelink.a : device.obj (.text:sl_Start)
                  2001580c    000000e8                  : driver.obj (.text:_SlAsyncEventGenericHandler)
                  200158f4    000000e8                  : driver.obj (.text:_SlDrvMsgReadSpawnCtx)
                  200159dc    000000e4                  : netapp.obj (.text:sl_NetAppMDNSRegisterUnregisterService)
                  20015ac0    000000dc                  : driver.obj (.text:_SlDrvClassifyRxMsg)
                  20015b9c    000000dc                  : cc_pal.obj (.text:spi_Read)
                  20015c78    000000d8                  : netcfg.obj (.text:sl_NetCfgGet)
                  20015d50    000000d0     rtsv7M4_T_le_eabi.lib : s_scalbn.obj (.text)
                  20015e20    000000cc     simplelink.a : netapp.obj (.text:_sl_HandleAsync_DnsGetHostByService)
                  20015eec    000000cc     rtsv7M4_T_le_eabi.lib : sscanf.obj (.text)
                  20015fb8    000000cc     simplelink.a : device.obj (.text:sl_DevGet)
                  20016084    000000c4                  : driver.obj (.text:_SlRemoveFromList)
                  20016148    000000c0                  : driver.obj (.text:_SlDrvCmdOp)
                  20016208    000000ba     free_rtos.a : portasm.obj (.text)
                  200162c2    00000002     --HOLE-- [fill = 0]
                  200162c4    000000b8     simplelink.a : socket.obj (.text:sl_Bind)
                  2001637c    000000a8     driverlib.a : interrupt.obj (.text:IntDisable)
                  20016424    000000a8                 : interrupt.obj (.text:IntEnable)
                  200164cc    000000a0                 : spi.obj (.text:SPIConfigSetExpClk)
                  2001656c    000000a0     simplelink.a : driver.obj (.text:_SlDriverHandleError)
                  2001660c    000000a0                  : socket.obj (.text:sl_Recv)
                  200166ac    0000009c     rtsv7M4_T_le_eabi.lib : memcpy_t2.obj (.text)
                  20016748    0000009a     simplelink.a : device.obj (.text:_SlDrvDeviceEventHandler)
                  200167e2    00000002     --HOLE-- [fill = 0]
                  200167e4    00000098                  : netcfg.obj (.text:sl_NetCfgSet)
                  2001687c    00000098                  : socket.obj (.text:sl_SetSockOpt)
                  20016914    00000098                  : wlan.obj (.text:sl_WlanSet)
                  200169ac    00000094     driverlib.a : prcm.obj (.text:PRCMPeripheralClockGet)
                  20016a40    00000090     simplelink.a : netapp.obj (.text:_sl_HandleAsync_DnsGetHostByName)
                  20016ad0    00000090                  : netapp.obj (.text:_sl_HandleAsync_PingResponse)
                  20016b60    00000090                  : wlan.obj (.text:sl_WlanPolicySet)
                  20016bf0    0000008c                  : cc_pal.obj (.text:SetupDMAReceive)
                  20016c7c    0000008c                  : cc_pal.obj (.text:SetupDMASend)
                  20016d08    0000008c                  : driver.obj (.text:_SlDrvIsTimeoutExpired)
                  20016d94    0000008c                  : device.obj (.text:_sl_HandleAsync_InitComplete)
                  20016e20    0000008c                  : socket.obj (.text:sl_Socket)
                  20016eac    0000008c                  : cc_pal.obj (.text:spi_Write)
                  20016f38    00000088     driverlib.a : pin.obj (.text:PinConfigSet)
                  20016fc0    00000088     rtsv7M4_T_le_eabi.lib : vsnprintf.obj (.text)
                  20017048    00000086                           : fd_cmp_t2.obj (.text:__aeabi_cdcmple)
                  200170ce    00000086                           : fd_cmp_t2.obj (.text:__aeabi_cdrcmple)
                  20017154    00000084     driverlib.a : i2c.obj (.text:I2CMasterInitExpClk)
                  200171d8    00000084     simplelink.a : wlan.obj (.text:sl_WlanRxFilterSet)
                  2001725c    00000082     driverlib.a : gpio.obj (.text:GPIOIntTypeSet)
                  200172de    00000002     --HOLE-- [fill = 0]
                  200172e0    00000080     simplelink.a : socket.obj (.text:_sl_HandleAsync_Connect)
                  20017360    00000080                  : cc_pal.obj (.text:spi_Read_CPU)
                  200173e0    00000080                  : cc_pal.obj (.text:spi_Write_CPU)
                  20017460    0000007c     driverlib.a : prcm.obj (.text:PRCMRTCGet)
                  200174dc    0000007a     rtsv7M4_T_le_eabi.lib : fs_mul_t2.obj (.text)
                  20017556    0000007a                           : memset_t2.obj (.text)
                  200175d0    00000078     simplelink.a : cc_pal.obj (.text:spi_Close)
                  20017648    00000076     driverlib.a : uart.obj (.text:UARTConfigSetExpClk)
                  200176be    00000002     --HOLE-- [fill = 0]
                  200176c0    00000070     rtsv7M4_T_le_eabi.lib : autoinit.obj (.text)
                  20017730    0000006e                           : fd_tos_t2.obj (.text)
                  2001779e    00000002     --HOLE-- [fill = 0]
                  200177a0    0000006c     simplelink.a : driver.obj (.text:_SlDrvCmdSend)
                  2001780c    0000006c                  : netapp.obj (.text:_sl_NetAppSendTokenValue)
                  20017878    0000006c                  : socket.obj (.text:sl_Listen)
                  200178e4    0000006a     rtsv7M4_T_le_eabi.lib : copy_decompress_rle.obj (.text)
                  2001794e    00000002     --HOLE-- [fill = 0]
                  20017950    00000068     driverlib.a : timer.obj (.text:TimerIntUnregister)
                  200179b8    00000064     simplelink.a : socket.obj (.text:_sl_HandleAsync_Accept)
                  20017a1c    00000064                  : netapp.obj (.text:sl_NetAppMDNSUnRegisterService)
                  20017a80    00000064     driverlib.a : udma.obj (.text:uDMAChannelAttributeDisable)
                  20017ae4    00000064                 : udma.obj (.text:uDMAChannelAttributeEnable)
                  20017b48    00000060     rtsv7M4_T_le_eabi.lib : sprintf.obj (.text)
                  20017ba8    00000060     simplelink.a : socket.obj (.text:sl_Close)
                  20017c08    00000060                  : wlan.obj (.text:sl_WlanProfileDel)
                  20017c68    00000060                  : wlan.obj (.text:sl_WlanSetMode)
                  20017cc8    0000005c     rtsv7M4_T_le_eabi.lib : s_frexp.obj (.text)
                  20017d24    00000058     driverlib.a : interrupt.obj (.text:IntPendClear)
                  20017d7c    00000058                 : prcm.obj (.text:PRCMPeripheralReset)
                  20017dd4    00000058     cJSON.obj (.text:__isnan)
                  20017e2c    00000056     rtsv7M4_T_le_eabi.lib : ltoa.obj (.text)
                  20017e82    00000002     --HOLE-- [fill = 0]
                  20017e84    00000054     driverlib.a : interrupt.obj (.text:IntPrioritySet)
                  20017ed8    00000054     cJSON.obj (.text:__isinf)
                  20017f2c    00000054     simplelink.a : socket.obj (.text:_sl_HandleAsync_Select)
                  20017f80    00000054     pinmux.obj (.text)
                  20017fd4    00000054     rtsv7M4_T_le_eabi.lib : exit.obj (.text)
                  20018028    00000050     driverlib.a : prcm.obj (.text:PRCMSlowClkCtrGet)
                  20018078    00000050     simplelink.a : driver.obj (.text:_SlDrvRxIrqHandler)
                  200180c8    00000050                  : device.obj (.text:_sl_HandleAsync_Stop)
                  20018118    0000004c     driverlib.a : spi.obj (.text:SPIIntEnable)
                  20018164    0000004c     simplelink.a : driver.obj (.text:_SlDrvProtectAsyncRespSetting)
                  200181b0    0000004c                  : socket.obj (.text:_sl_BuildAddress)
                  200181fc    0000004c     rtsv7M4_T_le_eabi.lib : atoi.obj (.text)
                  20018248    0000004c                           : cpy_tbl.obj (.text)
                  20018294    0000004c     driverlib.a : udma.obj (.text:uDMAChannelAssign)
                  200182e0    00000048                 : spi.obj (.text:SPIIntClear)
                  20018328    00000048     simplelink.a : driver.obj (.text:_SlDrvBasicCmd)
                  20018370    00000048     rtsv7M4_T_le_eabi.lib : fd_toi_t2.obj (.text)
                  200183b8    00000044     driverlib.a : spi.obj (.text:SPIDmaMaskGet)
                  200183fc    00000044                 : timer.obj (.text:TimerConfigure)
                  20018440    00000044     simplelink.a : cc_pal.obj (.text:cc_SetupTransfer)
                  20018484    00000042                  : socket.obj (.text:sl_Htonl)
                  200184c6    00000002     --HOLE-- [fill = 0]
                  200184c8    00000040     driverlib.a : pin.obj (.text:PinModeSet)
                  20018508    00000040     simplelink.a : driver.obj (.text:_SlDrvSyncObjWaitTimeout)
                  20018548    00000040                  : socket.obj (.text:_sl_TruncatePayloadByProtocol)
                  20018588    00000040     rtsv7M4_T_le_eabi.lib : boot.obj (.text)
                  200185c8    00000040                           : strtok.obj (.text)
                  20018608    0000003c     simplelink.a : netapp.obj (.text:CopyPingResultsToReport)
                  20018644    0000003c     driverlib.a : prcm.obj (.text:PRCMPeripheralClkEnable)
                  20018680    0000003c     simplelink.a : cc_pal.obj (.text:simplelink_timerA2_start)
                  200186bc    0000003c                  : socket.obj (.text:sl_Htons)
                  200186f8    0000003c     driverlib.a : udma.obj (.text:uDMAChannelControlSet)
                  20018734    00000038     simplelink.a : cc_pal.obj (.text:NwpPowerOff)
                  2001876c    00000038     free_rtos.a : heap_3.obj (.text)
                  200187a4    00000038     rtsv7M4_T_le_eabi.lib : fs_tod_t2.obj (.text)
                  200187dc    00000038     simplelink.a : wlan.obj (.text:sl_WlanDisconnect)
                  20018814    00000036     driverlib.a : gpio.obj (.text:GPIODirModeSet)
                  2001884a    00000002     --HOLE-- [fill = 0]
                  2001884c    00000034                 : prcm.obj (.text:PRCMPeripheralStatusGet)
                  20018880    00000034                 : spi.obj (.text:SPIFIFOLevelSet)
                  200188b4    00000030                 : pin.obj (.text:PinTypeGPIO)
                  200188e4    00000030                 : uart.obj (.text:UARTDisable)
                  20018914    00000030     rtsv7M4_T_le_eabi.lib : strncpy.obj (.text)
                  20018944    0000002e                           : i_tofd_t2.obj (.text)
                  20018972    00000002     --HOLE-- [fill = 0]
                  20018974    0000002c     simplelink.a : cc_pal.obj (.text:DmaSpiSwIntHandler)
                  200189a0    0000002c     driverlib.a : i2c.obj (.text:I2CMasterErr)
                  200189cc    0000002c     simplelink.a : cc_pal.obj (.text:NwpPowerOn)
                  200189f8    0000002c     driverlib.a : prcm.obj (.text:PRCMSysResetCauseGet)
                  20018a24    0000002a                 : timer.obj (.text:TimerLoadSet)
                  20018a4e    0000002a                 : timer.obj (.text:TimerPrescaleSet)
                  20018a78    0000002a     rtsv7M4_T_le_eabi.lib : strspn.obj (.text)
                  20018aa2    00000002     --HOLE-- [fill = 0]
                  20018aa4    00000028     driverlib.a : prcm.obj (.text:IsRTCUsed)
                  20018acc    00000028                 : prcm.obj (.text:PRCMPeripheralClkDisable)
                  20018af4    00000028     simplelink.a : socket.obj (.text:SL_FD_ISSET)
                  20018b1c    00000028                  : driver.obj (.text:_SlDrvObjGlobalLockWaitForever)
                  20018b44    00000028                  : driver.obj (.text:_SlDrvProtectionObjLockWaitForever)
                  20018b6c    00000026                  : cc_pal.obj (.text:NwpRegisterInterruptHandler)
                  20018b92    00000026     rtsv7M4_T_le_eabi.lib : strncmp.obj (.text)
                  20018bb8    00000024     driverlib.a : interrupt.obj (.text:IntUnregister)
                  20018bdc    00000024                 : prcm.obj (.text:RTCU16MSecRegRead)
                  20018c00    00000024                 : prcm.obj (.text:RTCUseSet)
                  20018c24    00000024                 : uart.obj (.text:UARTEnable)
                  20018c48    00000024     simplelink.a : driver.obj (.text:_SlDrvGlobalObjUnLock)
                  20018c6c    00000024                  : driver.obj (.text:_SlDrvProtectionObjUnLock)
                  20018c90    00000024                  : driver.obj (.text:_SlDrvSyncObjWaitForever)
                  20018cb4    00000024     rtsv7M4_T_le_eabi.lib : memmov.obj (.text)
                  20018cd8    00000024                           : strcspn.obj (.text)
                  20018cfc    00000024                           : u_tofs_t2.obj (.text)
                  20018d20    00000022     driverlib.a : i2c.obj (.text:I2CMasterSlaveAddrSet)
                  20018d42    00000022     simplelink.a : socket.obj (.text:SL_FD_SET)
                  20018d64    00000022     driverlib.a : spi.obj (.text:SPIReset)
                  20018d86    00000022                 : spi.obj (.text:SPIWordCountSet)
                  20018da8    00000022     simplelink.a : driver.obj (.text:_SlDrvObjLockWaitForever)
                  20018dca    00000020     driverlib.a : gpio.obj (.text:GPIOPinWrite)
                  20018dea    00000002     --HOLE-- [fill = 0]
                  20018dec    00000020                 : interrupt.obj (.text:IntRegister)
                  20018e0c    00000020     simplelink.a : cc_pal.obj (.text:NwpPrePowerOffTimout0)
                  20018e2c    00000020                  : cc_pal.obj (.text:TimerGetCurrentTimestamp)
                  20018e4c    00000020     mqtt.a : cc32xx_platform.obj (.text)
                  20018e6c    0000001e     driverlib.a : i2c.obj (.text:I2CMasterIntStatusEx)
                  20018e8a    0000001e                 : timer.obj (.text:TimerDisable)
                  20018ea8    0000001e                 : timer.obj (.text:TimerEnable)
                  20018ec6    0000001e                 : timer.obj (.text:TimerIntStatus)
                  20018ee4    0000001e                 : uart.obj (.text:UARTCharPut)
                  20018f02    0000001e     simplelink.a : driver.obj (.text:_SlDrvObjUnLock)
                  20018f20    0000001e                  : driver.obj (.text:_SlDrvSyncObjSignal)
                  20018f3e    0000001e                  : cc_pal.obj (.text:cc_UDMAChannelSelect)
                  20018f5c    0000001c     driverlib.a : pin.obj (.text:PinTypeI2C)
                  20018f78    0000001c                 : timer.obj (.text:TimerValueGet)
                  20018f94    0000001c                 : uart.obj (.text:UARTCharGetNonBlocking)
                  20018fb0    0000001c     simplelink.a : driver.obj (.text:_SlDrvStartMeasureTimeout)
                  20018fcc    0000001c     rtsv7M4_T_le_eabi.lib : memccpy.obj (.text)
                  20018fe8    0000001c     driverlib.a : udma.obj (.text:uDMAChannelEnable)
                  20019004    0000001a                 : gpio.obj (.text:GPIOIntEnable)
                  2001901e    0000001a                 : pin.obj (.text:PinTypeUART)
                  20019038    0000001a                 : spi.obj (.text:SPIDmaDisable)
                  20019052    0000001a                 : spi.obj (.text:SPIDmaEnable)
                  2001906c    0000001a                 : spi.obj (.text:SPIFIFODisable)
                  20019086    0000001a                 : spi.obj (.text:SPIFIFOEnable)
                  200190a0    00000018                 : gpio.obj (.text:GPIOPinRead)
                  200190b8    00000018                 : spi.obj (.text:SPICSDisable)
                  200190d0    00000018                 : spi.obj (.text:SPICSEnable)
                  200190e8    00000018                 : spi.obj (.text:SPIDisable)
                  20019100    00000018                 : spi.obj (.text:SPIEnable)
                  20019118    00000018                 : timer.obj (.text:TimerIntDisable)
                  20019130    00000018                 : timer.obj (.text:TimerIntEnable)
                  20019148    00000018                 : uart.obj (.text:UARTCharsAvail)
                  20019160    00000018     simplelink.a : device.obj (.text:_sl_GetStartResponseConvert)
                  20019178    00000018     rtsv7M4_T_le_eabi.lib : args_main.obj (.text)
                  20019190    00000018                           : ll_mul_t2.obj (.text)
                  200191a8    00000018                           : strcmp.obj (.text)
                  200191c0    00000018                           : strrchr.obj (.text)
                  200191d8    00000016     driverlib.a : i2c.obj (.text:I2CMasterDataPut)
                  200191ee    00000016                 : i2c.obj (.text:I2CMasterEnable)
                  20019204    00000016                 : prcm.obj (.text:PRCMHIBRegRead)
                  2001921a    00000016                 : prcm.obj (.text:PRCMHIBRegWrite)
                  20019230    00000016     simplelink.a : driver.obj (.text:_SlDrvMemZero)
                  20019246    00000016     rtsv7M4_T_le_eabi.lib : strchr.obj (.text)
                  2001925c    00000014     driverlib.a : cpu.obj (.text:CPUcpsie)
                  20019270    00000014                 : gpio.obj (.text:GPIOIntClear)
                  20019284    00000014                 : interrupt.obj (.text:IntVTableBaseSet)
                  20019298    00000014     rtsv7M4_T_le_eabi.lib : _lock.obj (.text)
                  200192ac    00000014                           : strcpy.obj (.text)
                  200192c0    00000014                           : strlen.obj (.text)
                  200192d4    00000012     driverlib.a : i2c.obj (.text:I2CMasterControl)
                  200192e6    00000012                 : i2c.obj (.text:I2CMasterIntClearEx)
                  200192f8    00000012                 : i2c.obj (.text:I2CMasterTimeoutSet)
                  2001930a    00000012                 : timer.obj (.text:TimerIntClear)
                  2001931c    00000010                 : prcm.obj (.text:RTCU32SecRegRead)
                  2001932c    00000010     simplelink.a : socket.obj (.text:SL_FD_ZERO)
                  2001933c    00000010                  : driver.obj (.text:_SlDrvDispatchHttpServerEvents)
                  2001934c    00000010     rtsv7M4_T_le_eabi.lib : tolower.obj (.text)
                  2001935c    0000000e     driverlib.a : i2c.obj (.text:I2CMasterDataGet)
                  2001936a    0000000e     simplelink.a : driver.obj (.text:_SlDrvResetCmdExt)
                  20019378    0000000e     rtsv7M4_T_le_eabi.lib : copy_decompress_none.obj (.text:decompress:none)
                  20019386    0000000e     startup_ccs.obj (.text)
                  20019394    0000000c     simplelink.a : cc_pal.obj (.text:NwpMaskInterrupt)
                  200193a0    0000000c                  : cc_pal.obj (.text:NwpUnMaskInterrupt)
                  200193ac    0000000a     driverlib.a : interrupt.obj (.text:IntMasterEnable)
                  200193b6    00000008                 : prcm.obj (.text:PRCMRTCInUseSet)
                  200193be    00000008     rtsv7M4_T_le_eabi.lib : s_copysign.obj (.text)
                  200193c6    00000006     driverlib.a : utils.obj (.text:UtilsDelay)
                  200193cc    00000006     rtsv7M4_T_le_eabi.lib : copy_decompress_rle.obj (.text:decompress:rle24)
                  200193d2    00000004                           : pre_init.obj (.text)

.const     0    200193d8    0000088f     
                  200193d8    00000124     main.obj (.const:.string)
                  200194fc    00000101     rtsv7M4_T_le_eabi.lib : ctype.obj (.const:.string:_ctypes_)
                  200195fd    00000003     mqtt.a : sl_mqtt_client.obj (.const:.string:$P$T0$1)
                  20019600    00000100     driverlib.a : pin.obj (.const:g_ulPinToPadMap)
                  20019700    000000d4                 : interrupt.obj (.const:g_pulRegs)
                  200197d4    000000a8                 : prcm.obj (.const:PRCM_PeriphRegsList)
                  2001987c    00000004     simplelink.a : socket.obj (.const:$P$T0$1)
                  20019880    00000098     rtsv7M4_T_le_eabi.lib : strtod.obj (.const:$O1$$)
                  20019918    00000080     driverlib.a : interrupt.obj (.const)
                  20019998    0000003c     simplelink.a : driver.obj (.const:OpcodeTranslateTable)
                  200199d4    00000038                  : driver.obj (.const:_SlActionLookupTable)
                  20019a0c    0000002c     network_if.obj (.const:$P$T1$2)
                  20019a38    00000024     cJSON.obj (.const:$P$T1$4)
                  20019a5c    00000024     cJSON.obj (.const:$P$T2$5)
                  20019a80    00000022     network_if.obj (.const:.string:$P$T0$1)
                  20019aa2    00000002     mqtt.a : mqtt_client.obj (.const:.string:LOOP_DATA)
                  20019aa4    00000020     simplelink.a : driver.obj (.const:RxMsgClassLUT)
                  20019ac4    0000001c     cJSON.obj (.const:$P$T0$2)
                  20019ae0    00000018     driverlib.a : spi.obj (.const)
                  20019af8    00000017     network_if.obj (.const:.string:$P$T5$6)
                  20019b0f    00000016     network_if.obj (.const:.string:$P$T3$4)
                  20019b25    00000015     network_if.obj (.const:.string:$P$T4$5)
                  20019b3a    00000015     network_if.obj (.const:.string:$P$T7$8)
                  20019b4f    00000001     --HOLE-- [fill = 0]
                  20019b50    00000014     simplelink.a : driver.obj (.const:$P$T0$1)
                  20019b64    00000014     network_if.obj (.const:$P$T2$3)
                  20019b78    00000010     rtsv7M4_T_le_eabi.lib : _scanfi.obj (.const:$O1$$)
                  20019b88    00000010     mqtt.a : cc32xx_sl_net.obj (.const:$P$T0$1)
                  20019b98    00000010            : cc32xx_sl_net.obj (.const:$P$T1$2)
                  20019ba8    00000010     network_if.obj (.const:$P$T6$7)
                  20019bb8    00000010     simplelink.a : socket.obj (.const:.string:_SlPayloadByProtocolLUT)
                  20019bc8    0000000b     network_if.obj (.const:.string:pcDigits)
                  20019bd3    00000008     simplelink.a : device.obj (.const:StartResponseLUT)
                  20019bdb    00000001     --HOLE-- [fill = 0]
                  20019bdc    00000008                  : driver.obj (.const:g_H2NCnysPattern)
                  20019be4    00000008                  : driver.obj (.const:g_H2NSyncPattern)
                  20019bec    00000005     main.obj (.const:.string:$P$T0$1)
                  20019bf1    00000005     mqtt.a : mqtt_client.obj (.const:.string:$P$T2$2)
                  20019bf6    00000004     simplelink.a : wlan.obj (.const:$P$T0$1)
                  20019bfa    00000004                  : socket.obj (.const:$P$T1$2)
                  20019bfe    00000004                  : wlan.obj (.const:$P$T1$2)
                  20019c02    00000004                  : socket.obj (.const:$P$T2$3)
                  20019c06    00000004     mqtt.a : mqtt_client.obj (.const:.string:$P$T1$1)
                  20019c0a    00000004     simplelink.a : socket.obj (.const:_SlAcceptCmdCtrl)
                  20019c0e    00000004                  : device.obj (.const:_SlDeviceGetCmdCtrl)
                  20019c12    00000004                  : netapp.obj (.const:_SlGetHostByNameCtrl)
                  20019c16    00000004                  : socket.obj (.const:_SlListenCmdCtrl)
                  20019c1a    00000004                  : netapp.obj (.const:_SlNetAppSendTokenValueCmdCtrl)
                  20019c1e    00000004                  : netcfg.obj (.const:_SlNetCfgGetCmdCtrl)
                  20019c22    00000004                  : netcfg.obj (.const:_SlNetCfgSetCmdCtrl)
                  20019c26    00000004                  : wlan.obj (.const:_SlPolicySetCmdCtrl)
                  20019c2a    00000004                  : wlan.obj (.const:_SlProfileDelCmdCtrl)
                  20019c2e    00000004                  : socket.obj (.const:_SlRecvCmdCtrl)
                  20019c32    00000004                  : socket.obj (.const:_SlRecvfomCmdCtrl)
                  20019c36    00000004                  : netapp.obj (.const:_SlRegisterServiceCtrl)
                  20019c3a    00000004                  : wlan.obj (.const:_SlRxFilterSetCmdCtrl)
                  20019c3e    00000004                  : socket.obj (.const:_SlSelectCmdCtrl)
                  20019c42    00000004                  : socket.obj (.const:_SlSendCmdCtrl)
                  20019c46    00000004                  : socket.obj (.const:_SlSetSockOptCmdCtrl)
                  20019c4a    00000004                  : socket.obj (.const:_SlSockCloseCmdCtrl)
                  20019c4e    00000004                  : socket.obj (.const:_SlSockSocketCmdCtrl)
                  20019c52    00000004                  : device.obj (.const:_SlStopCmdCtrl)
                  20019c56    00000004                  : wlan.obj (.const:_SlWlanCfgSetCmdCtrl)
                  20019c5a    00000004                  : wlan.obj (.const:_SlWlanSetModeCmdCtrl)
                  20019c5e    00000002     --HOLE-- [fill = 0]
                  20019c60    00000004     cJSON.obj (.const)
                  20019c64    00000003     mqtt.a : sl_mqtt_client.obj (.const:qos)

.cinit     0    20019c68    0000013c     
                  20019c68    00000111     (.cinit..data.load) [load image, compression = rle]
                  20019d79    00000007     --HOLE-- [fill = 0]
                  20019d80    0000000b     (.cinit..bss.load) [load image, compression = rle]
                  20019d8b    00000001     --HOLE-- [fill = 0]
                  20019d8c    00000008     (__TI_handler_table)
                  20019d94    00000010     (__TI_cinit_table)

.sysmem    0    2001b000    00008000     UNINITIALIZED
                  2001b000    00000008     rtsv7M4_T_le_eabi.lib : memory.obj (.sysmem)
                  2001b008    00007ff8     --HOLE--

.bss       0    20023000    000017f5     UNINITIALIZED
                  20023000    00001000     mqtt.a : sl_mqtt_client.obj (.bss:buf_vec)
                  20024000    000002f0            : mqtt_client.obj (.bss:clients)
                  200242f0    00000178     simplelink.a : driver.obj (.bss:g_StatMem)
                  20024468    000000f0     mqtt.a : sl_mqtt_client.obj (.bss:sl_cli_ctx)
                  20024558    000000c8     free_rtos.a : tasks.obj (.bss:pxReadyTasksLists)
                  20024620    00000050                 : queue.obj (.bss:xQueueRegistry)
                  20024670    00000050     (.common:g_ucDinDout)
                  200246c0    00000048     mqtt.a : sl_mqtt_client.obj (.bss:mqp_vec)
                  20024708    00000024     (.common:g_ucConnectionSSID)
                  2002472c    00000018            : mqtt_client.obj (.bss:recv_hvec)
                  20024744    00000014     (.common:xDelayedTaskList1)
                  20024758    00000014     (.common:xDelayedTaskList2)
                  2002476c    00000014     (.common:xPendingReadyList)
                  20024780    00000014     (.common:xSuspendedTaskList)
                  20024794    00000014     (.common:xTasksWaitingTermination)
                  200247a8    00000010     cJSON.obj (.bss:version$1)
                  200247b8    00000008     (.common:g_ucConnectionBSSID)
                  200247c0    00000004     mqtt.a : sl_mqtt_client.obj (.bss)
                  200247c4    00000004     uart_if.obj (.bss)
                  200247c8    00000004     (.common:DMAMsgQ)
                  200247cc    00000004     (.common:g_PBQueue)
                  200247d0    00000004     (.common:g_cDummy)
                  200247d4    00000004     (.common:g_rx_task_hndl)
                  200247d8    00000004     (.common:g_rx_tx_sync_obj)
                  200247dc    00000004     (.common:g_wait_secs)
                  200247e0    00000004     (.common:mqtt_lib_lockobj)
                  200247e4    00000004     (.common:pxDelayedTaskList)
                  200247e8    00000004     (.common:pxOverflowDelayedTaskList)
                  200247ec    00000002     (.common:g_usConnectIndex)
                  200247ee    00000002     (.common:g_usTimerInts)
                  200247f0    00000001     (.common:RxIrqCnt)
                  200247f1    00000001     (.common:g_bDeviceRestartIsRequired)
                  200247f2    00000001     (.common:g_ucLED1Pin)
                  200247f3    00000001     (.common:g_ucLED2Pin)
                  200247f4    00000001     (.common:g_ucLED3Pin)

.data      0    200247f8    000001e4     UNINITIALIZED
                  200247f8    00000064     main.obj (.data:usr_connect_config)
                  2002485c    0000003c     mqtt.a : mqtt_client.obj (.data)
                  20024898    00000034     free_rtos.a : tasks.obj (.data)
                  200248cc    00000028     mqtt.a : sl_mqtt_client.obj (.data:net)
                  200248f4    0000001c     main.obj (.data)
                  20024910    00000014     main.obj (.data:Mqtt_Client)
                  20024924    00000014     gpio_if.obj (.data:ulReg)
                  20024938    0000000d     simplelink.a : driver.obj (.data)
                  20024945    00000001     mqtt.a : sl_mqtt_client.obj (.data)
                  20024946    00000002     --HOLE--
                  20024948    0000000c     rtsv7M4_T_le_eabi.lib : exit.obj (.data:$O1$$)
                  20024954    0000000c                           : memory.obj (.data:$O1$$)
                  20024960    0000000c     main.obj (.data:SecurityParams)
                  2002496c    0000000c     free_rtos.a : osi_freertos.obj (.data)
                  20024978    0000000c     cJSON.obj (.data:global_hooks)
                  20024984    0000000c     gpio_if.obj (.data)
                  20024990    0000000c     network_if.obj (.data)
                  2002499c    00000009     mqtt.a : mqtt_client.obj (.data:mqtt310)
                  200249a5    00000003     --HOLE--
                  200249a8    00000009     simplelink.a : cc_pal.obj (.data)
                  200249b1    00000003     --HOLE--
                  200249b4    00000008     rtsv7M4_T_le_eabi.lib : _lock.obj (.data:$O1$$)
                  200249bc    00000008     cJSON.obj (.data:global_error)
                  200249c4    00000007     mqtt.a : mqtt_client.obj (.data:mqtt311)
                  200249cb    00000001     --HOLE--
                  200249cc    00000004     free_rtos.a : port.obj (.data)
                  200249d0    00000004     rtsv7M4_T_le_eabi.lib : errno.obj (.data)
                  200249d4    00000004                           : stkdepth_vars.obj (.data)
                  200249d8    00000004                           : strtok.obj (.data)

.stack     0    2002b000    00005000     UNINITIALIZED
                  2002b000    00005000     --HOLE--

MODULE SUMMARY

       Module                     code    ro data   rw data
       ------                     ----    -------   -------
    .\
       cJSON.obj                  11480   104       36     
       network_if.obj             4836    212       58     
       main.obj                   3376    297       166    
       startup_ccs.obj            14      1024      0      
       gpio_if.obj                916     0         35     
       uart_if.obj                656     0         4      
       i2c_if.obj                 656     0         0      
       timer_if.obj               448     0         0      
       pinmux.obj                 84      0         0      
    +--+--------------------------+-------+---------+---------+
       Total:                     22466   1637      299    
                                                           
    C:/TI/CC3200SDK_1.3.0/cc3200-sdk/driverlib/ccs/Release/driverlib.a
       prcm.obj                   1192    168       0      
       interrupt.obj              608     340       0      
       spi.obj                    696     24        0      
       udma.obj                   604     0         0      
       pin.obj                    302     256       0      
       timer.obj                  440     0         0      
       i2c.obj                    352     0         0      
       gpio.obj                   286     0         0      
       uart.obj                   284     0         0      
       cpu.obj                    20      0         0      
       utils.obj                  6       0         0      
    +--+--------------------------+-------+---------+---------+
       Total:                     4790    788       0      
                                                           
    C:/TI/CC3200SDK_1.3.0/cc3200-sdk/netapps/mqtt/ccs/client/mqtt.a
       mqtt_client.obj            9952    11        852    
       sl_mqtt_client.obj         2776    6         4469   
       mqtt_common.obj            2584    0         0      
       cc32xx_sl_net.obj          1792    32        0      
       cc32xx_platform.obj        32      0         0      
    +--+--------------------------+-------+---------+---------+
       Total:                     17136   49        5321   
                                                           
    C:/TI/CC3200SDK_1.3.0/cc3200-sdk/oslib/ccs/free_rtos/free_rtos.a
       tasks.obj                  4700    0         360    
       queue.obj                  2852    0         80     
       osi_freertos.obj           1116    0         12     
       list.obj                   298     0         0      
       port.obj                   272     0         4      
       portasm.obj                186     0         0      
       heap_3.obj                 56      0         0      
    +--+--------------------------+-------+---------+---------+
       Total:                     9480    0         456    
                                                           
    C:/TI/CC3200SDK_1.3.0/cc3200-sdk/simplelink/ccs/OS/simplelink.a
       driver.obj                 7610    184       391    
       socket.obj                 3672    64        0      
       wlan.obj                   2000    28        0      
       cc_pal.obj                 1780    0         97     
       netapp.obj                 1572    12        0      
       device.obj                 1078    16        0      
       netcfg.obj                 368     8         0      
    +--+--------------------------+-------+---------+---------+
       Total:                     18080   312       488    
                                                           
    D:\Software\ti\ccsv6\tools\compiler\ti-cgt-arm_15.12.1.LTS\lib\rtsv7M4_T_le_eabi.lib
       _printfi.obj               4348    0         0      
       _scanfi.obj                2310    16        0      
       memory.obj                 988     0         12     
       strtod.obj                 568     152       0      
       ull_div_t2.obj             500     0         0      
       strtoll.obj                484     0         0      
       fd_add_t2.obj              438     0         0      
       strtoull.obj               364     0         0      
       fd_div_t2.obj              310     0         0      
       strtol.obj                 308     0         0      
       strtoul.obj                276     0         0      
       fd_cmp_t2.obj              268     0         0      
       ctype.obj                  0       257       0      
       fd_mul_t2.obj              252     0         0      
       s_scalbn.obj               208     0         0      
       sscanf.obj                 204     0         0      
       memcpy_t2.obj              156     0         0      
       vsnprintf.obj              136     0         0      
       fs_mul_t2.obj              122     0         0      
       memset_t2.obj              122     0         0      
       autoinit.obj               112     0         0      
       copy_decompress_rle.obj    112     0         0      
       fd_tos_t2.obj              110     0         0      
       exit.obj                   84      0         12     
       sprintf.obj                96      0         0      
       s_frexp.obj                92      0         0      
       ltoa.obj                   86      0         0      
       atoi.obj                   76      0         0      
       cpy_tbl.obj                76      0         0      
       fd_toi_t2.obj              72      0         0      
       strtok.obj                 64      0         4      
       boot.obj                   64      0         0      
       fs_tod_t2.obj              56      0         0      
       strncpy.obj                48      0         0      
       i_tofd_t2.obj              46      0         0      
       strspn.obj                 42      0         0      
       strncmp.obj                38      0         0      
       memmov.obj                 36      0         0      
       strcspn.obj                36      0         0      
       u_tofs_t2.obj              36      0         0      
       _lock.obj                  20      0         8      
       memccpy.obj                28      0         0      
       args_main.obj              24      0         0      
       ll_mul_t2.obj              24      0         0      
       strcmp.obj                 24      0         0      
       strrchr.obj                24      0         0      
       strchr.obj                 22      0         0      
       strcpy.obj                 20      0         0      
       strlen.obj                 20      0         0      
       tolower.obj                16      0         0      
       copy_decompress_none.obj   14      0         0      
       s_copysign.obj             8       0         0      
       errno.obj                  0       0         4      
       pre_init.obj               4       0         0      
       stkdepth_vars.obj          0       0         4      
       mpu_init.obj               2       0         0      
       startup.obj                2       0         0      
    +--+--------------------------+-------+---------+---------+
       Total:                     13996   425       44     
                                                           
       Heap:                      0       0         32768  
       Stack:                     0       0         20480  
       Linker Generated:          0       308       0      
    +--+--------------------------+-------+---------+---------+
       Grand Total:               85948   3519      59856  


LINKER GENERATED COPY TABLES

__TI_cinit_table @ 20019d94 records: 2, size/record: 8, table size: 16
	.data: load addr=20019c68, load size=00000111 bytes, run addr=200247f8, run size=000001e4 bytes, compression=rle
	.bss: load addr=20019d80, load size=0000000b bytes, run addr=20023000, run size=000017f5 bytes, compression=rle


LINKER GENERATED HANDLER TABLE

__TI_handler_table @ 20019d8c records: 2, size/record: 4, table size: 8
	index: 0, handler: __TI_decompress_rle24
	index: 1, handler: __TI_decompress_none


GLOBAL SYMBOLS: SORTED ALPHABETICALLY BY Name 

address   name                                   
-------   ----                                   
2000d0cf  BoardInit                              
20017fd5  C$$EXIT                                
2001925d  CPUcpsie                               
20012171  ClearTerm                              
20009e49  ConfigureSimpleLinkToDefaultState      
200247c8  DMAMsgQ                                
20018975  DmaSpiSwIntHandler                     
2001217b  Error                                  
20018815  GPIODirModeSet                         
20019271  GPIOIntClear                           
20019005  GPIOIntEnable                          
2001725d  GPIOIntTypeSet                         
200190a1  GPIOPinRead                            
20018dcb  GPIOPinWrite                           
20011b1d  GPIO_IF_ConfigureNIntEnable            
20011b99  GPIO_IF_Get                            
20011ad7  GPIO_IF_GetPortNPin                    
20011899  GPIO_IF_LedConfigure                   
2001198b  GPIO_IF_LedOff                         
200118d7  GPIO_IF_LedOn                          
20011a3f  GPIO_IF_LedStatus                      
20011aa9  GPIO_IF_LedToggle                      
20011b5f  GPIO_IF_Set                            
200121b3  GetCmd                                 
200192d5  I2CMasterControl                       
2001935d  I2CMasterDataGet                       
200191d9  I2CMasterDataPut                       
200191ef  I2CMasterEnable                        
200189a1  I2CMasterErr                           
20017155  I2CMasterInitExpClk                    
200192e7  I2CMasterIntClearEx                    
20018e6d  I2CMasterIntStatusEx                   
20018d21  I2CMasterSlaveAddrSet                  
200192f9  I2CMasterTimeoutSet                    
20012119  I2C_IF_Close                           
200120d1  I2C_IF_Open                            
20011fcb  I2C_IF_Read                            
20012087  I2C_IF_ReadFrom                        
20011f15  I2C_IF_Write                           
20012131  InitTerm                               
20009e0f  InitializeAppVariables                 
2001637d  IntDisable                             
20016425  IntEnable                              
200193ad  IntMasterEnable                        
20017d25  IntPendClear                           
20017e85  IntPrioritySet                         
20018ded  IntRegister                            
20018bb9  IntUnregister                          
20019285  IntVTableBaseSet                       
2000d02f  LedTimerConfigNStart                   
2000d095  LedTimerDeinitStop                     
2001214f  Message                                
2000d201  MqttClient                             
20024910  Mqtt_Client                            
2000a4f1  Network_IF_ConnectAP                   
2000a7f5  Network_IF_CurrentMCUState             
2000a351  Network_IF_DeInitDriver                
2000a6cf  Network_IF_DisconnectFromAP            
2000a781  Network_IF_GetHostIP                   
2000a1ed  Network_IF_InitDriver                  
2000a70d  Network_IF_IpConfigGet                 
2000a7ed  Network_IF_ResetMCUStateMachine        
2000a7fb  Network_IF_SetMCUMachineState          
2000a817  Network_IF_UnsetMCUMachineState        
20019395  NwpMaskInterrupt                       
20018735  NwpPowerOff                            
200189cd  NwpPowerOn                             
20018e0d  NwpPrePowerOffTimout0                  
20018b6d  NwpRegisterInterruptHandler            
200193a1  NwpUnMaskInterrupt                     
20019998  OpcodeTranslateTable                   
20013dc5  PRCMCC3200MCUInit                      
20019205  PRCMHIBRegRead                         
2001921b  PRCMHIBRegWrite                        
20018acd  PRCMPeripheralClkDisable               
20018645  PRCMPeripheralClkEnable                
200169ad  PRCMPeripheralClockGet                 
20017d7d  PRCMPeripheralReset                    
2001884d  PRCMPeripheralStatusGet                
20017461  PRCMRTCGet                             
200193b7  PRCMRTCInUseSet                        
20018029  PRCMSlowClkCtrGet                      
200189f9  PRCMSysResetCauseGet                   
20016f39  PinConfigSet                           
200184c9  PinModeSet                             
20017f81  PinMuxConfig                           
200188b5  PinTypeGPIO                            
20018f5d  PinTypeI2C                             
2001901f  PinTypeUART                            
2000cee9  ProcessReadRegCommand                  
20012301  Report                                 
20019387  ResetISR                               
200247f0  RxIrqCnt                               
UNDEFED   SHT$$INIT_ARRAY$$Base                  
UNDEFED   SHT$$INIT_ARRAY$$Limit                 
20018af5  SL_FD_ISSET                            
20018d43  SL_FD_SET                              
2001932d  SL_FD_ZERO                             
200190b9  SPICSDisable                           
200190d1  SPICSEnable                            
200164cd  SPIConfigSetExpClk                     
200190e9  SPIDisable                             
20019039  SPIDmaDisable                          
20019053  SPIDmaEnable                           
20019101  SPIEnable                              
2001906d  SPIFIFODisable                         
20019087  SPIFIFOEnable                          
20018881  SPIFIFOLevelSet                        
200182e1  SPIIntClear                            
20018119  SPIIntEnable                           
20018d65  SPIReset                               
20018d87  SPIWordCountSet                        
20024960  SecurityParams                         
20009961  SimpleLinkGeneralEventHandler          
20009a35  SimpleLinkHttpServerCallback           
200098e9  SimpleLinkNetAppEventHandler           
20009981  SimpleLinkSockEventHandler             
20009725  SimpleLinkWlanEventHandler             
200183fd  TimerConfigure                         
20018e8b  TimerDisable                           
20018ea9  TimerEnable                            
20018e2d  TimerGetCurrentTimestamp               
2001930b  TimerIntClear                          
20019119  TimerIntDisable                        
20019131  TimerIntEnable                         
20018ec7  TimerIntStatus                         
20017951  TimerIntUnregister                     
20018a25  TimerLoadSet                           
2000cff3  TimerPeriodicIntHandler                
20018a4f  TimerPrescaleSet                       
20018f79  TimerValueGet                          
200133b5  Timer_IF_DeInit                        
200133e7  Timer_IF_GetCount                      
200132c9  Timer_IF_Init                          
200132fb  Timer_IF_IntSetup                      
2001336d  Timer_IF_InterruptClear                
200133cf  Timer_IF_ReLoad                        
20013385  Timer_IF_Start                         
200133a5  Timer_IF_Stop                          
2000cf71  ToggleLedState                         
20012269  TrimSpace                              
20018f95  UARTCharGetNonBlocking                 
20018ee5  UARTCharPut                            
20019149  UARTCharsAvail                         
20017649  UARTConfigSetExpClk                    
200188e5  UARTDisable                            
20018c25  UARTEnable                             
200193c7  UtilsDelay                             
200112ed  VDeleteSimpleLinkSpawnTask             
2000e82d  VMqttRecvTask                          
2001129d  VStartSimpleLinkSpawnTask              
200199d4  _SlActionLookupTable                   
2001656d  _SlDriverHandleError                   
20018329  _SlDrvBasicCmd                         
20016149  _SlDrvCmdOp                            
200177a1  _SlDrvCmdSend                          
20012e99  _SlDrvDataReadOp                       
200144e1  _SlDrvDataWriteOp                      
20016749  _SlDrvDeviceEventHandler               
2001933d  _SlDrvDispatchHttpServerEvents         
20014ff9  _SlDrvDriverCBDeinit                   
20013919  _SlDrvDriverCBInit                     
20018c49  _SlDrvGlobalObjUnLock                  
20016d09  _SlDrvIsTimeoutExpired                 
20019231  _SlDrvMemZero                          
200158f5  _SlDrvMsgReadSpawnCtx                  
20015341  _SlDrvNetAppEventHandler               
20018da9  _SlDrvObjLockWaitForever               
20018f03  _SlDrvObjUnLock                        
20018165  _SlDrvProtectAsyncRespSetting          
20018b45  _SlDrvProtectionObjLockWaitForever     
20018c6d  _SlDrvProtectionObjUnLock              
20013079  _SlDrvReleasePoolObj                   
2001936b  _SlDrvResetCmdExt                      
20018079  _SlDrvRxIrqHandler                     
20018fb1  _SlDrvStartMeasureTimeout              
20018f21  _SlDrvSyncObjSignal                    
20018c91  _SlDrvSyncObjWaitForever               
20018509  _SlDrvSyncObjWaitTimeout               
20013aa9  _SlDrvWaitForPoolObj                   
20019c1a  _SlNetAppSendTokenValueCmdCtrl         
20030000  __STACK_END                            
00005000  __STACK_SIZE                           
00008000  __SYSMEM_SIZE                          
20019d94  __TI_CINIT_Base                        
20019da4  __TI_CINIT_Limit                       
20019d8c  __TI_Handler_Table_Base                
20019d94  __TI_Handler_Table_Limit               
200176c1  __TI_auto_init                         
20024948  __TI_cleanup_ptr                       
20019379  __TI_decompress_none                   
200193cd  __TI_decompress_rle24                  
2002494c  __TI_dtors_ptr                         
20024950  __TI_enable_exit_profile_output        
ffffffff  __TI_pprof_out_hndl                    
2000ca43  __TI_printfi                           
ffffffff  __TI_prof_data_size                    
ffffffff  __TI_prof_data_start                   
2000fee5  __TI_scanfi                            
20019c68  __TI_static_base__                     
20017049  __aeabi_cdcmpeq                        
20017049  __aeabi_cdcmple                        
200170cf  __aeabi_cdrcmple                       
20017731  __aeabi_d2f                            
20018371  __aeabi_d2iz                           
200135cf  __aeabi_dadd                           
20014b2d  __aeabi_ddiv                           
20015445  __aeabi_dmul                           
200135c5  __aeabi_dsub                           
200187a5  __aeabi_f2d                            
200174dd  __aeabi_fmul                           
20018945  __aeabi_i2d                            
20019191  __aeabi_lmul                           
20017557  __aeabi_memclr                         
20017557  __aeabi_memclr4                        
20017557  __aeabi_memclr8                        
200166ad  __aeabi_memcpy                         
200166ad  __aeabi_memcpy4                        
200166ad  __aeabi_memcpy8                        
20017559  __aeabi_memset                         
20017559  __aeabi_memset4                        
20017559  __aeabi_memset8                        
20018cfd  __aeabi_ui2f                           
20012ac1  __aeabi_uldivmod                       
ffffffff  __binit__                              
ffffffff  __c_args__                             
20017ed9  __isinf                                
20017dd5  __isnan                                
2001377b  __mpu_init                             
2002b000  __stack                                
20019179  _args_main                             
20018589  _c_int00                               
200194fc  _ctypes_                               
200249b4  _lock                                  
200192a7  _nop                                   
2001929f  _register_lock                         
20019299  _register_unlock                       
2000e61f  _sl_ExtLib_AwaitedAckLockedSet         
2000e5f1  _sl_ExtLib_AwaitedAckSet               
2000e59d  _sl_ExtLib_ServerAckLockedWait         
200179b9  _sl_HandleAsync_Accept                 
200172e1  _sl_HandleAsync_Connect                
20016a41  _sl_HandleAsync_DnsGetHostByName       
20015e21  _sl_HandleAsync_DnsGetHostByService    
20016d95  _sl_HandleAsync_InitComplete           
20016ad1  _sl_HandleAsync_PingResponse           
20017f2d  _sl_HandleAsync_Select                 
200180c9  _sl_HandleAsync_Stop                   
2001780d  _sl_NetAppSendTokenValue               
2001b000  _sys_memory                            
20014c63  _system_post_cinit                     
200193d3  _system_pre_init                       
200249b8  _unlock                                
20017fd9  abort                                  
2002490c  app_hndl                               
200181fd  atoi                                   
ffffffff  binit                                  
20006345  cJSON_AddArrayToObject                 
20006235  cJSON_AddBoolToObject                  
20006203  cJSON_AddFalseToObject                 
2000614b  cJSON_AddItemReferenceToArray          
2000616b  cJSON_AddItemReferenceToObject         
2000605b  cJSON_AddItemToArray                   
2000610b  cJSON_AddItemToObject                  
2000612b  cJSON_AddItemToObjectCS                
2000619f  cJSON_AddNullToObject                  
2000626b  cJSON_AddNumberToObject                
20006313  cJSON_AddObjectToObject                
200062dd  cJSON_AddRawToObject                   
200062a7  cJSON_AddStringToObject                
200061d1  cJSON_AddTrueToObject                  
20006e39  cJSON_Compare                          
200067d9  cJSON_CreateArray                      
2000677d  cJSON_CreateArrayReference             
20006675  cJSON_CreateBool                       
20006925  cJSON_CreateDoubleArray                
2000665d  cJSON_CreateFalse                      
20006891  cJSON_CreateFloatArray                 
2000680d  cJSON_CreateIntArray                   
2000662d  cJSON_CreateNull                       
20006697  cJSON_CreateNumber                     
200067f1  cJSON_CreateObject                     
20006757  cJSON_CreateObjectReference            
200067a3  cJSON_CreateRaw                        
200066fb  cJSON_CreateString                     
200069a7  cJSON_CreateStringArray                
20006731  cJSON_CreateStringReference            
20006645  cJSON_CreateTrue                       
20004587  cJSON_Delete                           
2000640d  cJSON_DeleteItemFromArray              
20006455  cJSON_DeleteItemFromObject             
20006469  cJSON_DeleteItemFromObjectCaseSensitive
200063eb  cJSON_DetachItemFromArray              
20006421  cJSON_DetachItemFromObject             
2000643b  cJSON_DetachItemFromObjectCaseSensitive
2000637d  cJSON_DetachItemViaPointer             
20006a27  cJSON_Duplicate                        
20005eaf  cJSON_GetArrayItem                     
20005e3f  cJSON_GetArraySize                     
20004401  cJSON_GetErrorPtr                      
20004423  cJSON_GetNumberValue                   
20005f3d  cJSON_GetObjectItem                    
20005f4f  cJSON_GetObjectItemCaseSensitive       
2000440d  cJSON_GetStringValue                   
20005f61  cJSON_HasObjectItem                    
200044fb  cJSON_InitHooks                        
2000647d  cJSON_InsertItemInArray                
20006dcd  cJSON_IsArray                          
20006d3f  cJSON_IsBool                           
20006cf7  cJSON_IsFalse                          
20006cd5  cJSON_IsInvalid                        
20006d61  cJSON_IsNull                           
20006d85  cJSON_IsNumber                         
20006df1  cJSON_IsObject                         
20006e15  cJSON_IsRaw                            
20006da9  cJSON_IsString                         
20006d1b  cJSON_IsTrue                           
20006c41  cJSON_Minify                           
200053a3  cJSON_Parse                            
200053b3  cJSON_ParseWithLength                  
200052b3  cJSON_ParseWithLengthOpts              
20005285  cJSON_ParseWithOpts                    
2000549d  cJSON_Print                            
200054cd  cJSON_PrintBuffered                    
20005545  cJSON_PrintPreallocated                
200054ad  cJSON_PrintUnformatted                 
2000657d  cJSON_ReplaceItemInArray               
20006601  cJSON_ReplaceItemInObject              
20006617  cJSON_ReplaceItemInObjectCaseSensitive 
200064e3  cJSON_ReplaceItemViaPointer            
2000479d  cJSON_SetNumberHelper                  
200047f7  cJSON_SetValuestring                   
2000443d  cJSON_Version                          
20007013  cJSON_free                             
20007003  cJSON_malloc                           
20011829  calloc                                 
2000f9f7  cl_ctx_remove                          
2000f957  cl_ctx_reset                           
2000f987  cl_ctx_timeout_insert                  
2000fa4d  cl_ctx_timeout_update                  
2001077d  comm_close                             
200105e5  comm_open                              
20018249  copy_in                                
200193bf  copysign                               
200193bf  copysignl                              
20024904  data_sw2                               
20024908  data_sw3                               
2002486c  debug_printf                           
200248f4  devStr                                 
2000ac81  eTaskGetState                          
200249d0  errno                                  
20017fe1  exit                                   
200248f8  flag_red                               
20011577  free                                   
20017cc9  frexp                                  
20017cc9  frexpl                                 
200247cc  g_PBQueue                              
20024938  g_SlDeviceStatus                       
200249a8  g_SpiFd                                
200247f1  g_bDeviceRestartIsRequired             
200247d0  g_cDummy                               
20024945  g_multi_srvr_conn                      
2002493c  g_pCB                                  
200249ac  g_pHostIntHdl                          
20004000  g_pfnVectors                           
200247d4  g_rx_task_hndl                         
200247d8  g_rx_tx_sync_obj                       
200247b8  g_ucConnectionBSSID                    
20024708  g_ucConnectionSSID                     
200249b0  g_ucDMAEnabled                         
20024670  g_ucDinDout                            
200247f2  g_ucLED1Pin                            
200247f3  g_ucLED2Pin                            
200247f4  g_ucLED3Pin                            
20024984  g_uiLED1Port                           
20024988  g_uiLED2Port                           
2002498c  g_uiLED3Port                           
20024998  g_ulGatewayIP                          
20024994  g_ulStaIp                              
20024990  g_ulStatus                             
200247ec  g_usConnectIndex                       
200247ee  g_usTimerInts                          
200247dc  g_wait_secs                            
2000d8a5  getJson                                
2000a8b1  itoa                                   
20015d51  ldexp                                  
20015d51  ldexpl                                 
20017e2d  ltoa                                   
2000d819  main                                   
200249d4  main_func_sp                           
2001150f  malloc                                 
200113f1  mem_Free                               
200113e5  mem_Malloc                             
20011411  mem_copy                               
200113fd  mem_set                                
20011745  memalign                               
20018fcd  memccpy                                
200166ad  memcpy                                 
20018cb5  memmove                                
2001755f  memset                                 
20011481  minit                                  
2000f549  mqp_ack_wlist_append                   
2000f5ef  mqp_ack_wlist_purge                    
2000f57f  mqp_ack_wlist_remove                   
2000f2d3  mqp_buf_rd_remlen                      
2000f263  mqp_buf_tail_wr_remlen                 
2000f1f1  mqp_buf_wr_utf8                        
20009139  mqp_client_alloc                       
2000f14b  mqp_free                               
2000f197  mqp_init                               
2000f64d  mqp_prep_fh                            
2000f471  mqp_proc_msg_id_ack_rx                 
2000f4a7  mqp_proc_pub_rx                        
2000f465  mqp_proc_vh_msg_id_rx                  
2000f395  mqp_pub_append_data                    
2000f2e3  mqp_pub_append_topic                   
2000f6c3  mqp_recv                               
2000f18b  mqp_reset                              
2000902d  mqtt_client_await_msg                  
200091a3  mqtt_client_buffers_register           
20008d31  mqtt_client_ctx_await_msg              
20009445  mqtt_client_ctx_create                 
200094f7  mqtt_client_ctx_delete                 
200092ad  mqtt_client_ctx_info_register          
20008d83  mqtt_client_ctx_run                    
20009229  mqtt_client_ctx_will_register          
2000766d  mqtt_client_is_connected               
20009629  mqtt_client_lib_exit                   
20009555  mqtt_client_lib_init                   
2000932d  mqtt_client_net_svc_register           
20007665  mqtt_client_new_msg_id                 
20007e63  mqtt_client_pub_dispatch               
20007dd5  mqtt_client_pub_msg_send               
20009095  mqtt_client_run                        
20007c79  mqtt_connect_msg_send                  
200081cd  mqtt_disconn_send                      
200247e0  mqtt_lib_lockobj                       
20008191  mqtt_pingreq_send                      
200080ab  mqtt_sub_dispatch                      
20008095  mqtt_sub_msg_send                      
200080d5  mqtt_unsub_dispatch                    
200080bf  mqtt_unsub_msg_send                    
2000ea35  mutex_lockup                           
2000ea45  mutex_unlock                           
200248cc  net                                    
20011467  osi_ContextRestore                     
20011465  osi_ContextSave                        
20011425  osi_EnterCritical                      
2001142f  osi_ExitCritical                       
2001104b  osi_InterruptDeRegister                
20011025  osi_InterruptRegister                  
20011155  osi_LockObjCreate                      
200111c9  osi_LockObjDelete                      
200111d9  osi_LockObjLock                        
20011205  osi_LockObjUnlock                      
20011319  osi_MsgQCreate                         
2001135d  osi_MsgQDelete                         
200113a9  osi_MsgQRead                           
20011377  osi_MsgQWrite                          
20011441  osi_Sleep                              
2001122f  osi_Spawn                              
20011133  osi_SyncObjClear                       
2001105d  osi_SyncObjCreate                      
2001108d  osi_SyncObjDelete                      
200110a7  osi_SyncObjSignal                      
200110cf  osi_SyncObjSignalFromISR               
20011107  osi_SyncObjWait                        
2001117b  osi_TaskCreate                         
200111bb  osi_TaskDelete                         
20011451  osi_TaskDisable                        
2001145b  osi_TaskEnable                         
20011439  osi_start                              
20024940  pPingCallBackFunc                      
20019bc8  pcDigits                               
2000b1a5  pcTaskGetTaskName                      
20018e55  platform_get_time_in_secs              
20018e4d  platform_timer_init                    
200162bd  portCLZ                                
200162a5  prvPortStartFirstTask                  
200248fc  pub_topic_sw2                          
20024900  pub_topic_sw3                          
2000ced1  pushButtonInterruptHandler2            
2001876d  pvPortMalloc                           
20024898  pxCurrentTCB                           
20015231  pxPortInitialiseStack                  
2000f8e7  qos2_pub_cq_check                      
2000f865  qos2_pub_cq_logup                      
2000f843  qos2_pub_cq_reset                      
2000f8a3  qos2_pub_cq_unlog                      
20011639  realloc                                
200109f7  recv_from                              
20010797  rtc_secs                               
20015d51  scalbn                                 
20015d51  scalbnl                                
2000f621  secure_conn_struct_init                
20010977  send_dest                              
20018681  simplelink_timerA2_start               
20013409  sl_Accept                              
200162c5  sl_Bind                                
20017ba9  sl_Close                               
20013c39  sl_Connect                             
20015fb9  sl_DevGet                              
2000ebfd  sl_ExtLib_MqttClientConnect            
2000e8e3  sl_ExtLib_MqttClientCtxCreate          
2000e9fb  sl_ExtLib_MqttClientCtxDelete          
2000edb7  sl_ExtLib_MqttClientDisconnect         
2000eb21  sl_ExtLib_MqttClientExit               
2000ea55  sl_ExtLib_MqttClientInit               
2000efa5  sl_ExtLib_MqttClientSend               
2000eb81  sl_ExtLib_MqttClientSet                
2000edfd  sl_ExtLib_MqttClientSub                
2000eee9  sl_ExtLib_MqttClientUnsub              
20018485  sl_Htonl                               
200186bd  sl_Htons                               
20017879  sl_Listen                              
2001462d  sl_NetAppDnsGetHostByName              
200159dd  sl_NetAppMDNSRegisterUnregisterService 
20017a1d  sl_NetAppMDNSUnRegisterService         
20015c79  sl_NetCfgGet                           
200167e5  sl_NetCfgSet                           
2001660d  sl_Recv                                
200149f1  sl_RecvFrom                            
20013f3d  sl_Select                              
20014d99  sl_Send                                
20014771  sl_SendTo                              
2001687d  sl_SetSockOpt                          
20016e21  sl_Socket                              
20015721  sl_Start                               
20015541  sl_Stop                                
200123c1  sl_WlanConnect                         
200187dd  sl_WlanDisconnect                      
20016b61  sl_WlanPolicySet                       
20011bf1  sl_WlanProfileAdd                      
20017c09  sl_WlanProfileDel                      
200171d9  sl_WlanRxFilterSet                     
20016915  sl_WlanSet                             
20017c69  sl_WlanSetMode                         
200175d1  spi_Close                              
20014391  spi_Open                               
20015b9d  spi_Read                               
20016ead  spi_Write                              
20017b49  sprintf                                
20015eff  sscanf                                 
20019247  strchr                                 
200191a9  strcmp                                 
200192ad  strcpy                                 
20018cd9  strcspn                                
200192c1  strlen                                 
20018b93  strncmp                                
20018915  strncpy                                
200191c1  strrchr                                
20018a79  strspn                                 
20012889  strtod                                 
200185c9  strtok                                 
20014c65  strtol                                 
20012889  strtold                                
20012cb5  strtoll                                
2001511d  strtoul                                
20014225  strtoull                               
20010909  tcp_accept                             
2001079f  tcp_listen                             
2001071d  tcp_recv                               
2001082b  tcp_select                             
200106f7  tcp_send                               
2001934d  tolower                                
20018295  uDMAChannelAssign                      
20017a81  uDMAChannelAttributeDisable            
20017ae5  uDMAChannelAttributeEnable             
200186f9  uDMAChannelControlSet                  
20018fe9  uDMAChannelEnable                      
20015631  uDMAChannelTransferSet                 
2000e1f9  ucQueueGetQueueType                    
2001620d  ulPortSetInterruptMask                 
200247f8  usr_connect_config                     
20014faf  uxListRemove                           
2000e1d9  uxQueueGetQueueNumber                  
2000e16d  uxQueueMessagesWaiting                 
2000e1a3  uxQueueMessagesWaitingFromISR          
2000e183  uxQueueSpacesAvailable                 
2000b199  uxTaskGetNumberOfTasks                 
2000b1c9  uxTaskGetSystemState                   
2000b6bd  uxTaskGetTaskNumber                    
2000ad15  uxTaskPriorityGet                      
2000bc15  uxTaskResetEventItemValue              
20009717  vApplicationIdleHook                   
20009719  vApplicationMallocFailedHook           
2000971b  vApplicationStackOverflowHook          
2000970d  vAssertCalled                          
20014ecd  vListInitialise                        
20014efd  vListInitialiseItem                    
20014f49  vListInsert                            
20014f0d  vListInsertEnd                         
20016223  vPortClearInterruptMask                
200152ad  vPortEndScheduler                      
200152c1  vPortEnterCritical                     
200152d9  vPortExitCritical                      
2001878d  vPortFree                              
2001627d  vPortSVCHandler                        
2001530d  vPortSetupTimerInterrupt               
200152af  vPortYield                             
2000e413  vQueueAddToRegistry                    
2000e1b5  vQueueDelete                           
2000e1e7  vQueueSetQueueNumber                   
2000e455  vQueueUnregisterQueue                  
2000ac2b  vTaskDelay                             
2000ab8f  vTaskDelayUntil                        
2000aaff  vTaskDelete                            
2000b07d  vTaskEndScheduler                      
2000b6af  vTaskMissedYield                       
2000b445  vTaskPlaceOnEventList                  
2000b4a9  vTaskPlaceOnUnorderedEventList         
2000bb8b  vTaskPriorityDisinherit                
2000bad1  vTaskPriorityInherit                   
2000ad4d  vTaskPrioritySet                       
2000af45  vTaskResume                            
2000b6dd  vTaskSetTaskNumber                     
2000b60f  vTaskSetTimeOutState                   
2000b033  vTaskStartScheduler                    
2000ae51  vTaskSuspend                           
2000b08f  vTaskSuspendAll                        
2000b3c5  vTaskSwitchContext                     
20016fc1  vsnprintf                              
20015eed  vsscanf                                
2002496c  xHigherPriorityTaskWoken               
20016231  xPortPendSVHandler                     
20015281  xPortStartScheduler                    
200152f1  xPortSysTickHandler                    
2000e4a3  xQueueAddToSet                         
2000ddd5  xQueueAltGenericReceive                
2000dd29  xQueueAltGenericSend                   
2000dbfd  xQueueCreateCountingSemaphore          
2000db7f  xQueueCreateMutex                      
2000e48f  xQueueCreateSet                        
2000db09  xQueueGenericCreate                    
2000df6f  xQueueGenericReceive                   
2000da79  xQueueGenericReset                     
2000dc1d  xQueueGenericSend                      
2000ded3  xQueueGenericSendFromISR               
2000e3af  xQueueIsQueueEmptyFromISR              
2000e3f1  xQueueIsQueueFullFromISR               
2000e129  xQueuePeekFromISR                      
2000e0b1  xQueueReceiveFromISR                   
20024620  xQueueRegistry                         
2000e4d7  xQueueRemoveFromSet                    
2000e519  xQueueSelectFromSet                    
2000e533  xQueueSelectFromSetFromISR             
20024970  xSimpleLinkSpawnQueue                  
20024974  xSimpleLinkSpawnTaskHndl               
2000b635  xTaskCheckForTimeOut                   
2000a9f1  xTaskGenericCreate                     
2000ba85  xTaskGetCurrentTaskHandle              
2000b287  xTaskGetIdleTaskHandle                 
2000ba99  xTaskGetSchedulerState                 
2000b16d  xTaskGetTickCount                      
2000b181  xTaskGetTickCountFromISR               
2000b2a1  xTaskIncrementTick                     
2000b51d  xTaskRemoveFromEventList               
2000b5a1  xTaskRemoveFromUnorderedEventList      
2000b0a1  xTaskResumeAll                         
2000afb9  xTaskResumeFromISR                     


GLOBAL SYMBOLS: SORTED BY Symbol Address 

address   name                                   
-------   ----                                   
00005000  __STACK_SIZE                           
00008000  __SYSMEM_SIZE                          
[...]
20011155  osi_LockObjCreate                      
2001117b  osi_TaskCreate                         
200111bb  osi_TaskDelete                         
200111c9  osi_LockObjDelete                      
200111d9  osi_LockObjLock                        
20011205  osi_LockObjUnlock                      
2001122f  osi_Spawn                              
2001129d  VStartSimpleLinkSpawnTask              
200112ed  VDeleteSimpleLinkSpawnTask             
20011319  osi_MsgQCreate                         
2001135d  osi_MsgQDelete                         
20011377  osi_MsgQWrite                          
200113a9  osi_MsgQRead                           
200113e5  mem_Malloc                             
200113f1  mem_Free                               
200113fd  mem_set                                
20011411  mem_copy                               
20011425  osi_EnterCritical                      
2001142f  osi_ExitCritical                       
20011439  osi_start                              
20011441  osi_Sleep                              
20011451  osi_TaskDisable                        
2001145b  osi_TaskEnable                         
20011465  osi_ContextSave                        
20011467  osi_ContextRestore                     
20011481  minit                                  
2001150f  malloc                                 
20011577  free                                   
20011639  realloc                                
20011745  memalign                               
20011829  calloc                                 
20011899  GPIO_IF_LedConfigure                   
200118d7  GPIO_IF_LedOn                          
2001198b  GPIO_IF_LedOff                         
20011a3f  GPIO_IF_LedStatus                      
20011aa9  GPIO_IF_LedToggle                      
20011ad7  GPIO_IF_GetPortNPin                    
20011b1d  GPIO_IF_ConfigureNIntEnable            
20011b5f  GPIO_IF_Set                            
20011b99  GPIO_IF_Get                            
20011bf1  sl_WlanProfileAdd                      
20011f15  I2C_IF_Write                           
20011fcb  I2C_IF_Read                            
20012087  I2C_IF_ReadFrom                        
200120d1  I2C_IF_Open                            
20012119  I2C_IF_Close                           
20012131  InitTerm                               
2001214f  Message                                
20012171  ClearTerm                              
2001217b  Error                                  
200121b3  GetCmd                                 
20012269  TrimSpace                              
20012301  Report                                 
200123c1  sl_WlanConnect                         
20012889  strtod                                 
20012889  strtold                                
20012ac1  __aeabi_uldivmod                       
20012cb5  strtoll                                
20012e99  _SlDrvDataReadOp                       
20013079  _SlDrvReleasePoolObj                   
200132c9  Timer_IF_Init                          
200132fb  Timer_IF_IntSetup                      
2001336d  Timer_IF_InterruptClear                
20013385  Timer_IF_Start                         
200133a5  Timer_IF_Stop                          
200133b5  Timer_IF_DeInit                        
200133cf  Timer_IF_ReLoad                        
200133e7  Timer_IF_GetCount                      
20013409  sl_Accept                              
200135c5  __aeabi_dsub                           
200135cf  __aeabi_dadd                           
2001377b  __mpu_init                             
20013919  _SlDrvDriverCBInit                     
20013aa9  _SlDrvWaitForPoolObj                   
20013c39  sl_Connect                             
20013dc5  PRCMCC3200MCUInit                      
20013f3d  sl_Select                              
20014225  strtoull                               
20014391  spi_Open                               
200144e1  _SlDrvDataWriteOp                      
2001462d  sl_NetAppDnsGetHostByName              
20014771  sl_SendTo                              
200149f1  sl_RecvFrom                            
20014b2d  __aeabi_ddiv                           
20014c63  _system_post_cinit                     
20014c65  strtol                                 
20014d99  sl_Send                                
20014ecd  vListInitialise                        
20014efd  vListInitialiseItem                    
20014f0d  vListInsertEnd                         
20014f49  vListInsert                            
20014faf  uxListRemove                           
20014ff9  _SlDrvDriverCBDeinit                   
2001511d  strtoul                                
20015231  pxPortInitialiseStack                  
20015281  xPortStartScheduler                    
200152ad  vPortEndScheduler                      
200152af  vPortYield                             
200152c1  vPortEnterCritical                     
200152d9  vPortExitCritical                      
200152f1  xPortSysTickHandler                    
2001530d  vPortSetupTimerInterrupt               
20015341  _SlDrvNetAppEventHandler               
20015445  __aeabi_dmul                           
20015541  sl_Stop                                
20015631  uDMAChannelTransferSet                 
20015721  sl_Start                               
200158f5  _SlDrvMsgReadSpawnCtx                  
200159dd  sl_NetAppMDNSRegisterUnregisterService 
20015b9d  spi_Read                               
20015c79  sl_NetCfgGet                           
20015d51  ldexp                                  
20015d51  ldexpl                                 
20015d51  scalbn                                 
20015d51  scalbnl                                
20015e21  _sl_HandleAsync_DnsGetHostByService    
20015eed  vsscanf                                
20015eff  sscanf                                 
20015fb9  sl_DevGet                              
20016149  _SlDrvCmdOp                            
2001620d  ulPortSetInterruptMask                 
20016223  vPortClearInterruptMask                
20016231  xPortPendSVHandler                     
2001627d  vPortSVCHandler                        
200162a5  prvPortStartFirstTask                  
200162bd  portCLZ                                
200162c5  sl_Bind                                
2001637d  IntDisable                             
20016425  IntEnable                              
200164cd  SPIConfigSetExpClk                     
2001656d  _SlDriverHandleError                   
2001660d  sl_Recv                                
200166ad  __aeabi_memcpy                         
200166ad  __aeabi_memcpy4                        
200166ad  __aeabi_memcpy8                        
200166ad  memcpy                                 
20016749  _SlDrvDeviceEventHandler               
200167e5  sl_NetCfgSet                           
2001687d  sl_SetSockOpt                          
20016915  sl_WlanSet                             
200169ad  PRCMPeripheralClockGet                 
20016a41  _sl_HandleAsync_DnsGetHostByName       
20016ad1  _sl_HandleAsync_PingResponse           
20016b61  sl_WlanPolicySet                       
20016d09  _SlDrvIsTimeoutExpired                 
20016d95  _sl_HandleAsync_InitComplete           
20016e21  sl_Socket                              
20016ead  spi_Write                              
20016f39  PinConfigSet                           
20016fc1  vsnprintf                              
20017049  __aeabi_cdcmpeq                        
20017049  __aeabi_cdcmple                        
200170cf  __aeabi_cdrcmple                       
20017155  I2CMasterInitExpClk                    
200171d9  sl_WlanRxFilterSet                     
2001725d  GPIOIntTypeSet                         
200172e1  _sl_HandleAsync_Connect                
20017461  PRCMRTCGet                             
200174dd  __aeabi_fmul                           
20017557  __aeabi_memclr                         
20017557  __aeabi_memclr4                        
20017557  __aeabi_memclr8                        
20017559  __aeabi_memset                         
20017559  __aeabi_memset4                        
20017559  __aeabi_memset8                        
2001755f  memset                                 
200175d1  spi_Close                              
20017649  UARTConfigSetExpClk                    
200176c1  __TI_auto_init                         
20017731  __aeabi_d2f                            
200177a1  _SlDrvCmdSend                          
2001780d  _sl_NetAppSendTokenValue               
20017879  sl_Listen                              
20017951  TimerIntUnregister                     
200179b9  _sl_HandleAsync_Accept                 
20017a1d  sl_NetAppMDNSUnRegisterService         
20017a81  uDMAChannelAttributeDisable            
20017ae5  uDMAChannelAttributeEnable             
20017b49  sprintf                                
20017ba9  sl_Close                               
20017c09  sl_WlanProfileDel                      
20017c69  sl_WlanSetMode                         
20017cc9  frexp                                  
20017cc9  frexpl                                 
20017d25  IntPendClear                           
20017d7d  PRCMPeripheralReset                    
20017dd5  __isnan                                
20017e2d  ltoa                                   
20017e85  IntPrioritySet                         
20017ed9  __isinf                                
20017f2d  _sl_HandleAsync_Select                 
20017f81  PinMuxConfig                           
20017fd5  C$$EXIT                                
20017fd9  abort                                  
20017fe1  exit                                   
20018029  PRCMSlowClkCtrGet                      
20018079  _SlDrvRxIrqHandler                     
200180c9  _sl_HandleAsync_Stop                   
20018119  SPIIntEnable                           
20018165  _SlDrvProtectAsyncRespSetting          
200181fd  atoi                                   
20018249  copy_in                                
20018295  uDMAChannelAssign                      
200182e1  SPIIntClear                            
20018329  _SlDrvBasicCmd                         
20018371  __aeabi_d2iz                           
200183fd  TimerConfigure                         
20018485  sl_Htonl                               
200184c9  PinModeSet                             
20018509  _SlDrvSyncObjWaitTimeout               
20018589  _c_int00                               
200185c9  strtok                                 
20018645  PRCMPeripheralClkEnable                
20018681  simplelink_timerA2_start               
200186bd  sl_Htons                               
200186f9  uDMAChannelControlSet                  
20018735  NwpPowerOff                            
2001876d  pvPortMalloc                           
2001878d  vPortFree                              
200187a5  __aeabi_f2d                            
200187dd  sl_WlanDisconnect                      
20018815  GPIODirModeSet                         
2001884d  PRCMPeripheralStatusGet                
20018881  SPIFIFOLevelSet                        
200188b5  PinTypeGPIO                            
200188e5  UARTDisable                            
20018915  strncpy                                
20018945  __aeabi_i2d                            
20018975  DmaSpiSwIntHandler                     
200189a1  I2CMasterErr                           
200189cd  NwpPowerOn                             
200189f9  PRCMSysResetCauseGet                   
20018a25  TimerLoadSet                           
20018a4f  TimerPrescaleSet                       
20018a79  strspn                                 
20018acd  PRCMPeripheralClkDisable               
20018af5  SL_FD_ISSET                            
20018b45  _SlDrvProtectionObjLockWaitForever     
20018b6d  NwpRegisterInterruptHandler            
20018b93  strncmp                                
20018bb9  IntUnregister                          
20018c25  UARTEnable                             
20018c49  _SlDrvGlobalObjUnLock                  
20018c6d  _SlDrvProtectionObjUnLock              
20018c91  _SlDrvSyncObjWaitForever               
20018cb5  memmove                                
20018cd9  strcspn                                
20018cfd  __aeabi_ui2f                           
20018d21  I2CMasterSlaveAddrSet                  
20018d43  SL_FD_SET                              
20018d65  SPIReset                               
20018d87  SPIWordCountSet                        
20018da9  _SlDrvObjLockWaitForever               
20018dcb  GPIOPinWrite                           
20018ded  IntRegister                            
20018e0d  NwpPrePowerOffTimout0                  
20018e2d  TimerGetCurrentTimestamp               
20018e4d  platform_timer_init                    
20018e55  platform_get_time_in_secs              
20018e6d  I2CMasterIntStatusEx                   
20018e8b  TimerDisable                           
20018ea9  TimerEnable                            
20018ec7  TimerIntStatus                         
20018ee5  UARTCharPut                            
20018f03  _SlDrvObjUnLock                        
20018f21  _SlDrvSyncObjSignal                    
20018f5d  PinTypeI2C                             
20018f79  TimerValueGet                          
20018f95  UARTCharGetNonBlocking                 
20018fb1  _SlDrvStartMeasureTimeout              
20018fcd  memccpy                                
20018fe9  uDMAChannelEnable                      
20019005  GPIOIntEnable                          
2001901f  PinTypeUART                            
20019039  SPIDmaDisable                          
20019053  SPIDmaEnable                           
2001906d  SPIFIFODisable                         
20019087  SPIFIFOEnable                          
200190a1  GPIOPinRead                            
200190b9  SPICSDisable                           
200190d1  SPICSEnable                            
200190e9  SPIDisable                             
20019101  SPIEnable                              
20019119  TimerIntDisable                        
20019131  TimerIntEnable                         
20019149  UARTCharsAvail                         
20019179  _args_main                             
20019191  __aeabi_lmul                           
200191a9  strcmp                                 
200191c1  strrchr                                
200191d9  I2CMasterDataPut                       
200191ef  I2CMasterEnable                        
20019205  PRCMHIBRegRead                         
2001921b  PRCMHIBRegWrite                        
20019231  _SlDrvMemZero                          
20019247  strchr                                 
2001925d  CPUcpsie                               
20019271  GPIOIntClear                           
20019285  IntVTableBaseSet                       
20019299  _register_unlock                       
2001929f  _register_lock                         
200192a7  _nop                                   
200192ad  strcpy                                 
200192c1  strlen                                 
200192d5  I2CMasterControl                       
200192e7  I2CMasterIntClearEx                    
200192f9  I2CMasterTimeoutSet                    
2001930b  TimerIntClear                          
2001932d  SL_FD_ZERO                             
2001933d  _SlDrvDispatchHttpServerEvents         
2001934d  tolower                                
2001935d  I2CMasterDataGet                       
2001936b  _SlDrvResetCmdExt                      
20019379  __TI_decompress_none                   
20019387  ResetISR                               
20019395  NwpMaskInterrupt                       
200193a1  NwpUnMaskInterrupt                     
200193ad  IntMasterEnable                        
200193b7  PRCMRTCInUseSet                        
200193bf  copysign                               
200193bf  copysignl                              
200193c7  UtilsDelay                             
200193cd  __TI_decompress_rle24                  
200193d3  _system_pre_init                       
200194fc  _ctypes_                               
20019998  OpcodeTranslateTable                   
200199d4  _SlActionLookupTable                   
20019bc8  pcDigits                               
20019c1a  _SlNetAppSendTokenValueCmdCtrl         
20019c68  __TI_static_base__                     
20019d8c  __TI_Handler_Table_Base                
20019d94  __TI_CINIT_Base                        
20019d94  __TI_Handler_Table_Limit               
20019da4  __TI_CINIT_Limit                       
2001b000  _sys_memory                            
20024620  xQueueRegistry                         
20024670  g_ucDinDout                            
20024708  g_ucConnectionSSID                     
200247b8  g_ucConnectionBSSID                    
200247c8  DMAMsgQ                                
200247cc  g_PBQueue                              
200247d0  g_cDummy                               
200247d4  g_rx_task_hndl                         
200247d8  g_rx_tx_sync_obj                       
200247dc  g_wait_secs                            
200247e0  mqtt_lib_lockobj                       
200247ec  g_usConnectIndex                       
200247ee  g_usTimerInts                          
200247f0  RxIrqCnt                               
200247f1  g_bDeviceRestartIsRequired             
200247f2  g_ucLED1Pin                            
200247f3  g_ucLED2Pin                            
200247f4  g_ucLED3Pin                            
200247f8  usr_connect_config                     
2002486c  debug_printf                           
20024898  pxCurrentTCB                           
200248cc  net                                    
200248f4  devStr                                 
200248f8  flag_red                               
200248fc  pub_topic_sw2                          
20024900  pub_topic_sw3                          
20024904  data_sw2                               
20024908  data_sw3                               
2002490c  app_hndl                               
20024910  Mqtt_Client                            
20024938  g_SlDeviceStatus                       
2002493c  g_pCB                                  
20024940  pPingCallBackFunc                      
20024945  g_multi_srvr_conn                      
20024948  __TI_cleanup_ptr                       
2002494c  __TI_dtors_ptr                         
20024950  __TI_enable_exit_profile_output        
20024960  SecurityParams                         
2002496c  xHigherPriorityTaskWoken               
20024970  xSimpleLinkSpawnQueue                  
20024974  xSimpleLinkSpawnTaskHndl               
20024984  g_uiLED1Port                           
20024988  g_uiLED2Port                           
2002498c  g_uiLED3Port                           
20024990  g_ulStatus                             
20024994  g_ulStaIp                              
20024998  g_ulGatewayIP                          
200249a8  g_SpiFd                                
200249ac  g_pHostIntHdl                          
200249b0  g_ucDMAEnabled                         
200249b4  _lock                                  
200249b8  _unlock                                
200249d0  errno                                  
200249d4  main_func_sp                           
2002b000  __stack                                
20030000  __STACK_END                            
ffffffff  __TI_pprof_out_hndl                    
ffffffff  __TI_prof_data_size                    
ffffffff  __TI_prof_data_start                   
ffffffff  __binit__                              
ffffffff  __c_args__                             
ffffffff  binit                                  
UNDEFED   SHT$$INIT_ARRAY$$Base                  
UNDEFED   SHT$$INIT_ARRAY$$Limit                 

[660 symbols]
